------------------------------------------------------------
Timing Analyzer Summary
------------------------------------------------------------

Type  : Slow 1200mV 85C Model Setup 'input_clock'
Slack : 12.374
TNS   : 0.000

Type  : Slow 1200mV 85C Model Setup 'clk_en:EN_clk|sys_clk'
Slack : 27.322
TNS   : 0.000

Type  : Slow 1200mV 85C Model Setup 'altera_reserved_tck'
Slack : 43.117
TNS   : 0.000

Type  : Slow 1200mV 85C Model Hold 'input_clock'
Slack : 0.299
TNS   : 0.000

Type  : Slow 1200mV 85C Model Hold 'clk_en:EN_clk|sys_clk'
Slack : 0.365
TNS   : 0.000

Type  : Slow 1200mV 85C Model Hold 'altera_reserved_tck'
Slack : 0.403
TNS   : 0.000

Type  : Slow 1200mV 85C Model Recovery 'altera_reserved_tck'
Slack : 93.979
TNS   : 0.000

Type  : Slow 1200mV 85C Model Removal 'altera_reserved_tck'
Slack : 1.459
TNS   : 0.000

Type  : Slow 1200mV 85C Model Minimum Pulse Width 'input_clock'
Slack : 9.628
TNS   : 0.000

Type  : Slow 1200mV 85C Model Minimum Pulse Width 'clk_en:EN_clk|sys_clk'
Slack : 19.570
TNS   : 0.000

Type  : Slow 1200mV 85C Model Minimum Pulse Width 'altera_reserved_tck'
Slack : 49.567
TNS   : 0.000

Type  : Slow 1200mV 0C Model Setup 'input_clock'
Slack : 13.057
TNS   : 0.000

Type  : Slow 1200mV 0C Model Setup 'clk_en:EN_clk|sys_clk'
Slack : 28.481
TNS   : 0.000

Type  : Slow 1200mV 0C Model Setup 'altera_reserved_tck'
Slack : 43.632
TNS   : 0.000

Type  : Slow 1200mV 0C Model Hold 'input_clock'
Slack : 0.295
TNS   : 0.000

Type  : Slow 1200mV 0C Model Hold 'clk_en:EN_clk|sys_clk'
Slack : 0.353
TNS   : 0.000

Type  : Slow 1200mV 0C Model Hold 'altera_reserved_tck'
Slack : 0.355
TNS   : 0.000

Type  : Slow 1200mV 0C Model Recovery 'altera_reserved_tck'
Slack : 94.608
TNS   : 0.000

Type  : Slow 1200mV 0C Model Removal 'altera_reserved_tck'
Slack : 1.325
TNS   : 0.000

Type  : Slow 1200mV 0C Model Minimum Pulse Width 'input_clock'
Slack : 9.649
TNS   : 0.000

Type  : Slow 1200mV 0C Model Minimum Pulse Width 'clk_en:EN_clk|sys_clk'
Slack : 19.614
TNS   : 0.000

Type  : Slow 1200mV 0C Model Minimum Pulse Width 'altera_reserved_tck'
Slack : 49.490
TNS   : 0.000

Type  : Fast 1200mV 0C Model Setup 'input_clock'
Slack : 16.115
TNS   : 0.000

Type  : Fast 1200mV 0C Model Setup 'clk_en:EN_clk|sys_clk'
Slack : 33.627
TNS   : 0.000

Type  : Fast 1200mV 0C Model Setup 'altera_reserved_tck'
Slack : 46.657
TNS   : 0.000

Type  : Fast 1200mV 0C Model Hold 'input_clock'
Slack : 0.105
TNS   : 0.000

Type  : Fast 1200mV 0C Model Hold 'clk_en:EN_clk|sys_clk'
Slack : 0.157
TNS   : 0.000

Type  : Fast 1200mV 0C Model Hold 'altera_reserved_tck'
Slack : 0.183
TNS   : 0.000

Type  : Fast 1200mV 0C Model Recovery 'altera_reserved_tck'
Slack : 96.736
TNS   : 0.000

Type  : Fast 1200mV 0C Model Removal 'altera_reserved_tck'
Slack : 0.682
TNS   : 0.000

Type  : Fast 1200mV 0C Model Minimum Pulse Width 'input_clock'
Slack : 9.373
TNS   : 0.000

Type  : Fast 1200mV 0C Model Minimum Pulse Width 'clk_en:EN_clk|sys_clk'
Slack : 19.709
TNS   : 0.000

Type  : Fast 1200mV 0C Model Minimum Pulse Width 'altera_reserved_tck'
Slack : 49.457
TNS   : 0.000

------------------------------------------------------------
