------------------------------------------------------------
Timing Analyzer Summary
------------------------------------------------------------

Type  : Slow 1200mV 85C Model Setup 'input_clock'
Slack : 7.144
TNS   : 0.000

Type  : Slow 1200mV 85C Model Setup 'system_clk'
Slack : 10.720
TNS   : 0.000

Type  : Slow 1200mV 85C Model Setup 'altera_reserved_tck'
Slack : 44.283
TNS   : 0.000

Type  : Slow 1200mV 85C Model Hold 'input_clock'
Slack : 0.270
TNS   : 0.000

Type  : Slow 1200mV 85C Model Hold 'system_clk'
Slack : 0.331
TNS   : 0.000

Type  : Slow 1200mV 85C Model Hold 'altera_reserved_tck'
Slack : 0.402
TNS   : 0.000

Type  : Slow 1200mV 85C Model Recovery 'altera_reserved_tck'
Slack : 94.759
TNS   : 0.000

Type  : Slow 1200mV 85C Model Removal 'altera_reserved_tck'
Slack : 1.008
TNS   : 0.000

Type  : Slow 1200mV 85C Model Minimum Pulse Width 'input_clock'
Slack : 9.622
TNS   : 0.000

Type  : Slow 1200mV 85C Model Minimum Pulse Width 'system_clk'
Slack : 19.563
TNS   : 0.000

Type  : Slow 1200mV 85C Model Minimum Pulse Width 'altera_reserved_tck'
Slack : 49.560
TNS   : 0.000

Type  : Slow 1200mV 0C Model Setup 'input_clock'
Slack : 8.430
TNS   : 0.000

Type  : Slow 1200mV 0C Model Setup 'system_clk'
Slack : 11.503
TNS   : 0.000

Type  : Slow 1200mV 0C Model Setup 'altera_reserved_tck'
Slack : 44.912
TNS   : 0.000

Type  : Slow 1200mV 0C Model Hold 'input_clock'
Slack : 0.270
TNS   : 0.000

Type  : Slow 1200mV 0C Model Hold 'system_clk'
Slack : 0.342
TNS   : 0.000

Type  : Slow 1200mV 0C Model Hold 'altera_reserved_tck'
Slack : 0.354
TNS   : 0.000

Type  : Slow 1200mV 0C Model Recovery 'altera_reserved_tck'
Slack : 95.210
TNS   : 0.000

Type  : Slow 1200mV 0C Model Removal 'altera_reserved_tck'
Slack : 0.912
TNS   : 0.000

Type  : Slow 1200mV 0C Model Minimum Pulse Width 'input_clock'
Slack : 9.644
TNS   : 0.000

Type  : Slow 1200mV 0C Model Minimum Pulse Width 'system_clk'
Slack : 19.610
TNS   : 0.000

Type  : Slow 1200mV 0C Model Minimum Pulse Width 'altera_reserved_tck'
Slack : 49.485
TNS   : 0.000

Type  : Fast 1200mV 0C Model Setup 'input_clock'
Slack : 13.500
TNS   : 0.000

Type  : Fast 1200mV 0C Model Setup 'system_clk'
Slack : 14.858
TNS   : 0.000

Type  : Fast 1200mV 0C Model Setup 'altera_reserved_tck'
Slack : 47.287
TNS   : 0.000

Type  : Fast 1200mV 0C Model Hold 'input_clock'
Slack : 0.093
TNS   : 0.000

Type  : Fast 1200mV 0C Model Hold 'system_clk'
Slack : 0.131
TNS   : 0.000

Type  : Fast 1200mV 0C Model Hold 'altera_reserved_tck'
Slack : 0.180
TNS   : 0.000

Type  : Fast 1200mV 0C Model Recovery 'altera_reserved_tck'
Slack : 97.159
TNS   : 0.000

Type  : Fast 1200mV 0C Model Removal 'altera_reserved_tck'
Slack : 0.492
TNS   : 0.000

Type  : Fast 1200mV 0C Model Minimum Pulse Width 'input_clock'
Slack : 9.372
TNS   : 0.000

Type  : Fast 1200mV 0C Model Minimum Pulse Width 'system_clk'
Slack : 19.707
TNS   : 0.000

Type  : Fast 1200mV 0C Model Minimum Pulse Width 'altera_reserved_tck'
Slack : 49.454
TNS   : 0.000

------------------------------------------------------------
