------------------------------------------------------------
Timing Analyzer Summary
------------------------------------------------------------

Type  : Slow 1200mV 85C Model Setup 'CLOCK_50'
Slack : 16.201
TNS   : 0.000

Type  : Slow 1200mV 85C Model Setup 'sys_clk'
Slack : 16.654
TNS   : 0.000

Type  : Slow 1200mV 85C Model Setup 'up8_clk_ena'
Slack : 37.120
TNS   : 0.000

Type  : Slow 1200mV 85C Model Setup 'sam_clk'
Slack : 37.556
TNS   : 0.000

Type  : Slow 1200mV 85C Model Hold 'sys_clk'
Slack : 0.444
TNS   : 0.000

Type  : Slow 1200mV 85C Model Hold 'sam_clk'
Slack : 0.634
TNS   : 0.000

Type  : Slow 1200mV 85C Model Hold 'up8_clk_ena'
Slack : 0.634
TNS   : 0.000

Type  : Slow 1200mV 85C Model Hold 'CLOCK_50'
Slack : 0.737
TNS   : 0.000

Type  : Slow 1200mV 85C Model Minimum Pulse Width 'CLOCK_50'
Slack : 9.748
TNS   : 0.000

Type  : Slow 1200mV 85C Model Minimum Pulse Width 'sys_clk'
Slack : 19.558
TNS   : 0.000

Type  : Slow 1200mV 85C Model Minimum Pulse Width 'up8_clk_ena'
Slack : 39.453
TNS   : 0.000

Type  : Slow 1200mV 85C Model Minimum Pulse Width 'sam_clk'
Slack : 79.423
TNS   : 0.000

Type  : Slow 1200mV 0C Model Setup 'CLOCK_50'
Slack : 16.434
TNS   : 0.000

Type  : Slow 1200mV 0C Model Setup 'sys_clk'
Slack : 16.604
TNS   : 0.000

Type  : Slow 1200mV 0C Model Setup 'up8_clk_ena'
Slack : 37.330
TNS   : 0.000

Type  : Slow 1200mV 0C Model Setup 'sam_clk'
Slack : 37.719
TNS   : 0.000

Type  : Slow 1200mV 0C Model Hold 'sys_clk'
Slack : 0.393
TNS   : 0.000

Type  : Slow 1200mV 0C Model Hold 'sam_clk'
Slack : 0.592
TNS   : 0.000

Type  : Slow 1200mV 0C Model Hold 'up8_clk_ena'
Slack : 0.592
TNS   : 0.000

Type  : Slow 1200mV 0C Model Hold 'CLOCK_50'
Slack : 0.684
TNS   : 0.000

Type  : Slow 1200mV 0C Model Minimum Pulse Width 'CLOCK_50'
Slack : 9.735
TNS   : 0.000

Type  : Slow 1200mV 0C Model Minimum Pulse Width 'sys_clk'
Slack : 19.537
TNS   : 0.000

Type  : Slow 1200mV 0C Model Minimum Pulse Width 'up8_clk_ena'
Slack : 39.361
TNS   : 0.000

Type  : Slow 1200mV 0C Model Minimum Pulse Width 'sam_clk'
Slack : 79.348
TNS   : 0.000

Type  : Fast 1200mV 0C Model Setup 'CLOCK_50'
Slack : 18.263
TNS   : 0.000

Type  : Fast 1200mV 0C Model Setup 'sys_clk'
Slack : 18.382
TNS   : 0.000

Type  : Fast 1200mV 0C Model Setup 'up8_clk_ena'
Slack : 38.706
TNS   : 0.000

Type  : Fast 1200mV 0C Model Setup 'sam_clk'
Slack : 38.892
TNS   : 0.000

Type  : Fast 1200mV 0C Model Hold 'sys_clk'
Slack : 0.182
TNS   : 0.000

Type  : Fast 1200mV 0C Model Hold 'sam_clk'
Slack : 0.249
TNS   : 0.000

Type  : Fast 1200mV 0C Model Hold 'up8_clk_ena'
Slack : 0.249
TNS   : 0.000

Type  : Fast 1200mV 0C Model Hold 'CLOCK_50'
Slack : 0.293
TNS   : 0.000

Type  : Fast 1200mV 0C Model Minimum Pulse Width 'CLOCK_50'
Slack : 9.440
TNS   : 0.000

Type  : Fast 1200mV 0C Model Minimum Pulse Width 'sys_clk'
Slack : 19.696
TNS   : 0.000

Type  : Fast 1200mV 0C Model Minimum Pulse Width 'up8_clk_ena'
Slack : 39.766
TNS   : 0.000

Type  : Fast 1200mV 0C Model Minimum Pulse Width 'sam_clk'
Slack : 79.775
TNS   : 0.000

------------------------------------------------------------
