------------------------------------------------------------
Timing Analyzer Summary
------------------------------------------------------------

Type  : Slow 1200mV 85C Model Setup 'system_clk'
Slack : 16.111
TNS   : 0.000

Type  : Slow 1200mV 85C Model Setup 'input_clock'
Slack : 17.702
TNS   : 0.000

Type  : Slow 1200mV 85C Model Hold 'input_clock'
Slack : 0.387
TNS   : 0.000

Type  : Slow 1200mV 85C Model Hold 'system_clk'
Slack : 0.430
TNS   : 0.000

Type  : Slow 1200mV 85C Model Minimum Pulse Width 'input_clock'
Slack : 9.759
TNS   : 0.000

Type  : Slow 1200mV 85C Model Minimum Pulse Width 'system_clk'
Slack : 19.791
TNS   : 0.000

Type  : Slow 1200mV 0C Model Setup 'system_clk'
Slack : 16.283
TNS   : 0.000

Type  : Slow 1200mV 0C Model Setup 'input_clock'
Slack : 17.886
TNS   : 0.000

Type  : Slow 1200mV 0C Model Hold 'input_clock'
Slack : 0.344
TNS   : 0.000

Type  : Slow 1200mV 0C Model Hold 'system_clk'
Slack : 0.398
TNS   : 0.000

Type  : Slow 1200mV 0C Model Minimum Pulse Width 'input_clock'
Slack : 9.779
TNS   : 0.000

Type  : Slow 1200mV 0C Model Minimum Pulse Width 'system_clk'
Slack : 19.780
TNS   : 0.000

Type  : Fast 1200mV 0C Model Setup 'system_clk'
Slack : 18.000
TNS   : 0.000

Type  : Fast 1200mV 0C Model Setup 'input_clock'
Slack : 18.880
TNS   : 0.000

Type  : Fast 1200mV 0C Model Hold 'input_clock'
Slack : 0.167
TNS   : 0.000

Type  : Fast 1200mV 0C Model Hold 'system_clk'
Slack : 0.188
TNS   : 0.000

Type  : Fast 1200mV 0C Model Minimum Pulse Width 'input_clock'
Slack : 9.440
TNS   : 0.000

Type  : Fast 1200mV 0C Model Minimum Pulse Width 'system_clk'
Slack : 19.771
TNS   : 0.000

------------------------------------------------------------
